https://block.energized.pro/spark/formats/domains.txt is offline.\n
https://block.energized.pro/bluGo/formats/domains.txt is offline.\n
https://block.energized.pro/blu/formats/domains.txt is offline.\n
https://block.energized.pro/basic/formats/domains.txt is offline.\n
https://block.energized.pro/ultimate/formats/domains.txt is offline.\n
https://block.energized.pro/extensions/regional/formats/domains.txt is offline.\n
https://block.energized.pro/spark/formats/domains.txt is offline.\n
https://block.energized.pro/bluGo/formats/domains.txt is offline.\n
https://block.energized.pro/blu/formats/domains.txt is offline.\n
https://block.energized.pro/basic/formats/domains.txt is offline.\n
https://block.energized.pro/ultimate/formats/domains.txt is offline.\n
https://block.energized.pro/extensions/regional/formats/domains.txt is offline.\n
https://block.energized.pro/spark/formats/domains.txt is offline.\n
https://block.energized.pro/bluGo/formats/domains.txt is offline.\n
https://block.energized.pro/blu/formats/domains.txt is offline.\n
https://block.energized.pro/basic/formats/domains.txt is offline.\n
https://block.energized.pro/ultimate/formats/domains.txt is offline.\n
https://block.energized.pro/extensions/regional/formats/domains.txt is offline.\n
https://block.energized.pro/spark/formats/domains.txt is offline.\n
https://block.energized.pro/bluGo/formats/domains.txt is offline.\n
https://block.energized.pro/blu/formats/domains.txt is offline.\n
https://block.energized.pro/basic/formats/domains.txt is offline.\n
https://block.energized.pro/ultimate/formats/domains.txt is offline.\n
https://block.energized.pro/extensions/regional/formats/domains.txt is offline.\n
https://raw.githubusercontent.com/nextdns/metadata/master/privacy/native/alexa is offline.\n
https://raw.githubusercontent.com/nextdns/metadata/master/privacy/native/apple is offline.\n
https://raw.githubusercontent.com/nextdns/metadata/master/privacy/native/huawei is offline.\n
https://raw.githubusercontent.com/nextdns/metadata/master/privacy/native/roku is offline.\n
https://raw.githubusercontent.com/nextdns/metadata/master/privacy/native/samsung is offline.\n
https://raw.githubusercontent.com/nextdns/metadata/master/privacy/native/sonos is offline.\n
https://raw.githubusercontent.com/nextdns/metadata/master/privacy/native/windows is offline.\n
https://raw.githubusercontent.com/nextdns/metadata/master/privacy/native/xiaomi is offline.\n
https://block.energized.pro/spark/formats/domains.txt is offline.\n
https://block.energized.pro/bluGo/formats/domains.txt is offline.\n
https://block.energized.pro/blu/formats/domains.txt is offline.\n
https://block.energized.pro/basic/formats/domains.txt is offline.\n
https://block.energized.pro/ultimate/formats/domains.txt is offline.\n
https://block.energized.pro/extensions/regional/formats/domains.txt is offline.\n
https://raw.githubusercontent.com/nextdns/metadata/master/privacy/native/alexa is offline.\n
https://raw.githubusercontent.com/nextdns/metadata/master/privacy/native/apple is offline.\n
https://raw.githubusercontent.com/nextdns/metadata/master/privacy/native/huawei is offline.\n
https://raw.githubusercontent.com/nextdns/metadata/master/privacy/native/roku is offline.\n
https://raw.githubusercontent.com/nextdns/metadata/master/privacy/native/samsung is offline.\n
https://raw.githubusercontent.com/nextdns/metadata/master/privacy/native/sonos is offline.\n
https://raw.githubusercontent.com/nextdns/metadata/master/privacy/native/windows is offline.\n
https://raw.githubusercontent.com/nextdns/metadata/master/privacy/native/xiaomi is offline.\n
https://block.energized.pro/spark/formats/domains.txt is offline.\n
https://block.energized.pro/bluGo/formats/domains.txt is offline.\n
https://block.energized.pro/blu/formats/domains.txt is offline.\n
https://block.energized.pro/basic/formats/domains.txt is offline.\n
https://block.energized.pro/ultimate/formats/domains.txt is offline.\n
https://block.energized.pro/extensions/regional/formats/domains.txt is offline.\n
https://raw.githubusercontent.com/nextdns/metadata/master/privacy/native/alexa is offline.\n
https://raw.githubusercontent.com/nextdns/metadata/master/privacy/native/apple is offline.\n
https://raw.githubusercontent.com/nextdns/metadata/master/privacy/native/huawei is offline.\n
https://raw.githubusercontent.com/nextdns/metadata/master/privacy/native/roku is offline.\n
https://raw.githubusercontent.com/nextdns/metadata/master/privacy/native/samsung is offline.\n
https://raw.githubusercontent.com/nextdns/metadata/master/privacy/native/sonos is offline.\n
https://raw.githubusercontent.com/nextdns/metadata/master/privacy/native/windows is offline.\n
https://raw.githubusercontent.com/nextdns/metadata/master/privacy/native/xiaomi is offline.\n
https://block.energized.pro/spark/formats/domains.txt is offline.\n
https://block.energized.pro/bluGo/formats/domains.txt is offline.\n
https://block.energized.pro/blu/formats/domains.txt is offline.\n
https://block.energized.pro/basic/formats/domains.txt is offline.\n
https://block.energized.pro/ultimate/formats/domains.txt is offline.\n
https://block.energized.pro/extensions/regional/formats/domains.txt is offline.\n
https://raw.githubusercontent.com/nextdns/metadata/master/privacy/native/alexa is offline.\n
https://raw.githubusercontent.com/nextdns/metadata/master/privacy/native/apple is offline.\n
https://raw.githubusercontent.com/nextdns/metadata/master/privacy/native/huawei is offline.\n
https://raw.githubusercontent.com/nextdns/metadata/master/privacy/native/roku is offline.\n
https://raw.githubusercontent.com/nextdns/metadata/master/privacy/native/samsung is offline.\n
https://raw.githubusercontent.com/nextdns/metadata/master/privacy/native/sonos is offline.\n
https://raw.githubusercontent.com/nextdns/metadata/master/privacy/native/windows is offline.\n
https://raw.githubusercontent.com/nextdns/metadata/master/privacy/native/xiaomi is offline.\n
https://block.energized.pro/spark/formats/domains.txt is offline.\n
https://block.energized.pro/bluGo/formats/domains.txt is offline.\n
https://block.energized.pro/blu/formats/domains.txt is offline.\n
https://block.energized.pro/basic/formats/domains.txt is offline.\n
https://block.energized.pro/ultimate/formats/domains.txt is offline.\n
https://block.energized.pro/extensions/regional/formats/domains.txt is offline.\n
https://raw.githubusercontent.com/nextdns/metadata/master/privacy/native/alexa is offline.\n
https://raw.githubusercontent.com/nextdns/metadata/master/privacy/native/apple is offline.\n
https://raw.githubusercontent.com/nextdns/metadata/master/privacy/native/huawei is offline.\n
https://raw.githubusercontent.com/nextdns/metadata/master/privacy/native/roku is offline.\n
https://raw.githubusercontent.com/nextdns/metadata/master/privacy/native/samsung is offline.\n
https://raw.githubusercontent.com/nextdns/metadata/master/privacy/native/sonos is offline.\n
https://raw.githubusercontent.com/nextdns/metadata/master/privacy/native/windows is offline.\n
https://raw.githubusercontent.com/nextdns/metadata/master/privacy/native/xiaomi is offline.\n
https://block.energized.pro/spark/formats/domains.txt is offline.\n
https://block.energized.pro/bluGo/formats/domains.txt is offline.\n
https://block.energized.pro/blu/formats/domains.txt is offline.\n
https://block.energized.pro/basic/formats/domains.txt is offline.\n
https://block.energized.pro/ultimate/formats/domains.txt is offline.\n
https://block.energized.pro/extensions/regional/formats/domains.txt is offline.\n
https://raw.githubusercontent.com/nextdns/metadata/master/privacy/native/alexa is offline.\n
https://raw.githubusercontent.com/nextdns/metadata/master/privacy/native/apple is offline.\n
https://raw.githubusercontent.com/nextdns/metadata/master/privacy/native/huawei is offline.\n
https://raw.githubusercontent.com/nextdns/metadata/master/privacy/native/roku is offline.\n
https://raw.githubusercontent.com/nextdns/metadata/master/privacy/native/samsung is offline.\n
https://raw.githubusercontent.com/nextdns/metadata/master/privacy/native/sonos is offline.\n
https://raw.githubusercontent.com/nextdns/metadata/master/privacy/native/windows is offline.\n
https://raw.githubusercontent.com/nextdns/metadata/master/privacy/native/xiaomi is offline.\n
https://block.energized.pro/spark/formats/domains.txt is offline.\n
https://block.energized.pro/bluGo/formats/domains.txt is offline.\n
https://block.energized.pro/blu/formats/domains.txt is offline.\n
https://block.energized.pro/basic/formats/domains.txt is offline.\n
https://block.energized.pro/ultimate/formats/domains.txt is offline.\n
https://block.energized.pro/extensions/regional/formats/domains.txt is offline.\n
https://raw.githubusercontent.com/nextdns/metadata/master/privacy/native/alexa is offline.\n
https://raw.githubusercontent.com/nextdns/metadata/master/privacy/native/apple is offline.\n
https://raw.githubusercontent.com/nextdns/metadata/master/privacy/native/huawei is offline.\n
https://raw.githubusercontent.com/nextdns/metadata/master/privacy/native/roku is offline.\n
https://raw.githubusercontent.com/nextdns/metadata/master/privacy/native/samsung is offline.\n
https://raw.githubusercontent.com/nextdns/metadata/master/privacy/native/sonos is offline.\n
https://raw.githubusercontent.com/nextdns/metadata/master/privacy/native/windows is offline.\n
https://raw.githubusercontent.com/nextdns/metadata/master/privacy/native/xiaomi is offline.\n
https://block.energized.pro/spark/formats/domains.txt is offline.\n
https://block.energized.pro/bluGo/formats/domains.txt is offline.\n
https://block.energized.pro/blu/formats/domains.txt is offline.\n
https://block.energized.pro/basic/formats/domains.txt is offline.\n
https://block.energized.pro/ultimate/formats/domains.txt is offline.\n
https://block.energized.pro/extensions/regional/formats/domains.txt is offline.\n
https://raw.githubusercontent.com/nextdns/metadata/master/privacy/native/alexa is offline.\n
https://raw.githubusercontent.com/nextdns/metadata/master/privacy/native/apple is offline.\n
https://raw.githubusercontent.com/nextdns/metadata/master/privacy/native/huawei is offline.\n
https://raw.githubusercontent.com/nextdns/metadata/master/privacy/native/roku is offline.\n
https://raw.githubusercontent.com/nextdns/metadata/master/privacy/native/samsung is offline.\n
https://raw.githubusercontent.com/nextdns/metadata/master/privacy/native/sonos is offline.\n
https://raw.githubusercontent.com/nextdns/metadata/master/privacy/native/windows is offline.\n
https://raw.githubusercontent.com/nextdns/metadata/master/privacy/native/xiaomi is offline.\n
https://block.energized.pro/spark/formats/domains.txt is offline.\n
https://block.energized.pro/bluGo/formats/domains.txt is offline.\n
https://block.energized.pro/blu/formats/domains.txt is offline.\n
https://block.energized.pro/basic/formats/domains.txt is offline.\n
https://block.energized.pro/ultimate/formats/domains.txt is offline.\n
https://block.energized.pro/extensions/regional/formats/domains.txt is offline.\n
https://raw.githubusercontent.com/nextdns/metadata/master/privacy/native/alexa is offline.\n
https://raw.githubusercontent.com/nextdns/metadata/master/privacy/native/apple is offline.\n
https://raw.githubusercontent.com/nextdns/metadata/master/privacy/native/huawei is offline.\n
https://raw.githubusercontent.com/nextdns/metadata/master/privacy/native/roku is offline.\n
https://raw.githubusercontent.com/nextdns/metadata/master/privacy/native/samsung is offline.\n
https://raw.githubusercontent.com/nextdns/metadata/master/privacy/native/sonos is offline.\n
https://raw.githubusercontent.com/nextdns/metadata/master/privacy/native/windows is offline.\n
https://raw.githubusercontent.com/nextdns/metadata/master/privacy/native/xiaomi is offline.\n
https://block.energized.pro/spark/formats/domains.txt is offline.\n
https://block.energized.pro/bluGo/formats/domains.txt is offline.\n
https://block.energized.pro/blu/formats/domains.txt is offline.\n
https://block.energized.pro/basic/formats/domains.txt is offline.\n
https://block.energized.pro/ultimate/formats/domains.txt is offline.\n
https://block.energized.pro/extensions/regional/formats/domains.txt is offline.\n
https://raw.githubusercontent.com/nextdns/metadata/master/privacy/native/alexa is offline.\n
https://raw.githubusercontent.com/nextdns/metadata/master/privacy/native/apple is offline.\n
https://raw.githubusercontent.com/nextdns/metadata/master/privacy/native/huawei is offline.\n
https://raw.githubusercontent.com/nextdns/metadata/master/privacy/native/roku is offline.\n
https://raw.githubusercontent.com/nextdns/metadata/master/privacy/native/samsung is offline.\n
https://raw.githubusercontent.com/nextdns/metadata/master/privacy/native/sonos is offline.\n
https://raw.githubusercontent.com/nextdns/metadata/master/privacy/native/windows is offline.\n
https://raw.githubusercontent.com/nextdns/metadata/master/privacy/native/xiaomi is offline.\n
https://block.energized.pro/spark/formats/domains.txt is offline.\n
https://block.energized.pro/bluGo/formats/domains.txt is offline.\n
https://block.energized.pro/blu/formats/domains.txt is offline.\n
https://block.energized.pro/basic/formats/domains.txt is offline.\n
https://block.energized.pro/ultimate/formats/domains.txt is offline.\n
https://block.energized.pro/extensions/regional/formats/domains.txt is offline.\n
https://raw.githubusercontent.com/nextdns/metadata/master/privacy/native/alexa is offline.\n
https://raw.githubusercontent.com/nextdns/metadata/master/privacy/native/apple is offline.\n
https://raw.githubusercontent.com/nextdns/metadata/master/privacy/native/huawei is offline.\n
https://raw.githubusercontent.com/nextdns/metadata/master/privacy/native/roku is offline.\n
https://raw.githubusercontent.com/nextdns/metadata/master/privacy/native/samsung is offline.\n
https://raw.githubusercontent.com/nextdns/metadata/master/privacy/native/sonos is offline.\n
https://raw.githubusercontent.com/nextdns/metadata/master/privacy/native/windows is offline.\n
https://raw.githubusercontent.com/nextdns/metadata/master/privacy/native/xiaomi is offline.\n
https://block.energized.pro/spark/formats/domains.txt is offline.\n
https://block.energized.pro/bluGo/formats/domains.txt is offline.\n
https://block.energized.pro/blu/formats/domains.txt is offline.\n
https://block.energized.pro/basic/formats/domains.txt is offline.\n
https://block.energized.pro/ultimate/formats/domains.txt is offline.\n
https://block.energized.pro/extensions/regional/formats/domains.txt is offline.\n
https://raw.githubusercontent.com/nextdns/metadata/master/privacy/native/alexa is offline.\n
https://raw.githubusercontent.com/nextdns/metadata/master/privacy/native/apple is offline.\n
https://raw.githubusercontent.com/nextdns/metadata/master/privacy/native/huawei is offline.\n
https://raw.githubusercontent.com/nextdns/metadata/master/privacy/native/roku is offline.\n
https://raw.githubusercontent.com/nextdns/metadata/master/privacy/native/samsung is offline.\n
https://raw.githubusercontent.com/nextdns/metadata/master/privacy/native/sonos is offline.\n
https://raw.githubusercontent.com/nextdns/metadata/master/privacy/native/windows is offline.\n
https://raw.githubusercontent.com/nextdns/metadata/master/privacy/native/xiaomi is offline.\n
https://block.energized.pro/spark/formats/domains.txt is offline.\n
https://block.energized.pro/bluGo/formats/domains.txt is offline.\n
https://block.energized.pro/blu/formats/domains.txt is offline.\n
https://block.energized.pro/basic/formats/domains.txt is offline.\n
https://block.energized.pro/ultimate/formats/domains.txt is offline.\n
https://block.energized.pro/extensions/regional/formats/domains.txt is offline.\n
https://raw.githubusercontent.com/nextdns/metadata/master/privacy/native/alexa is offline.\n
https://raw.githubusercontent.com/nextdns/metadata/master/privacy/native/apple is offline.\n
https://raw.githubusercontent.com/nextdns/metadata/master/privacy/native/huawei is offline.\n
https://raw.githubusercontent.com/nextdns/metadata/master/privacy/native/roku is offline.\n
https://raw.githubusercontent.com/nextdns/metadata/master/privacy/native/samsung is offline.\n
https://raw.githubusercontent.com/nextdns/metadata/master/privacy/native/sonos is offline.\n
https://raw.githubusercontent.com/nextdns/metadata/master/privacy/native/windows is offline.\n
https://raw.githubusercontent.com/nextdns/metadata/master/privacy/native/xiaomi is offline.\n
https://block.energized.pro/spark/formats/domains.txt is offline.\n
https://block.energized.pro/bluGo/formats/domains.txt is offline.\n
https://block.energized.pro/blu/formats/domains.txt is offline.\n
https://block.energized.pro/basic/formats/domains.txt is offline.\n
https://block.energized.pro/ultimate/formats/domains.txt is offline.\n
https://block.energized.pro/extensions/regional/formats/domains.txt is offline.\n
https://raw.githubusercontent.com/nextdns/metadata/master/privacy/native/alexa is offline.\n
https://raw.githubusercontent.com/nextdns/metadata/master/privacy/native/apple is offline.\n
https://raw.githubusercontent.com/nextdns/metadata/master/privacy/native/huawei is offline.\n
https://raw.githubusercontent.com/nextdns/metadata/master/privacy/native/roku is offline.\n
https://raw.githubusercontent.com/nextdns/metadata/master/privacy/native/samsung is offline.\n
https://raw.githubusercontent.com/nextdns/metadata/master/privacy/native/sonos is offline.\n
https://raw.githubusercontent.com/nextdns/metadata/master/privacy/native/windows is offline.\n
https://raw.githubusercontent.com/nextdns/metadata/master/privacy/native/xiaomi is offline.\n
https://block.energized.pro/spark/formats/domains.txt is offline.\n
https://block.energized.pro/bluGo/formats/domains.txt is offline.\n
https://block.energized.pro/blu/formats/domains.txt is offline.\n
https://block.energized.pro/basic/formats/domains.txt is offline.\n
https://block.energized.pro/ultimate/formats/domains.txt is offline.\n
https://block.energized.pro/extensions/regional/formats/domains.txt is offline.\n
https://raw.githubusercontent.com/nextdns/metadata/master/privacy/native/alexa is offline.\n
https://raw.githubusercontent.com/nextdns/metadata/master/privacy/native/apple is offline.\n
https://raw.githubusercontent.com/nextdns/metadata/master/privacy/native/huawei is offline.\n
https://raw.githubusercontent.com/nextdns/metadata/master/privacy/native/roku is offline.\n
https://raw.githubusercontent.com/nextdns/metadata/master/privacy/native/samsung is offline.\n
https://raw.githubusercontent.com/nextdns/metadata/master/privacy/native/sonos is offline.\n
https://raw.githubusercontent.com/nextdns/metadata/master/privacy/native/windows is offline.\n
https://raw.githubusercontent.com/nextdns/metadata/master/privacy/native/xiaomi is offline.\n
https://block.energized.pro/spark/formats/domains.txt is offline.\n
https://block.energized.pro/bluGo/formats/domains.txt is offline.\n
https://block.energized.pro/blu/formats/domains.txt is offline.\n
https://block.energized.pro/basic/formats/domains.txt is offline.\n
https://block.energized.pro/ultimate/formats/domains.txt is offline.\n
https://block.energized.pro/extensions/regional/formats/domains.txt is offline.\n
https://raw.githubusercontent.com/nextdns/metadata/master/privacy/native/alexa is offline.\n
https://raw.githubusercontent.com/nextdns/metadata/master/privacy/native/apple is offline.\n
https://raw.githubusercontent.com/nextdns/metadata/master/privacy/native/huawei is offline.\n
https://raw.githubusercontent.com/nextdns/metadata/master/privacy/native/roku is offline.\n
https://raw.githubusercontent.com/nextdns/metadata/master/privacy/native/samsung is offline.\n
https://raw.githubusercontent.com/nextdns/metadata/master/privacy/native/sonos is offline.\n
https://raw.githubusercontent.com/nextdns/metadata/master/privacy/native/windows is offline.\n
https://raw.githubusercontent.com/nextdns/metadata/master/privacy/native/xiaomi is offline.\n
https://block.energized.pro/spark/formats/domains.txt is offline.\n
https://block.energized.pro/bluGo/formats/domains.txt is offline.\n
https://block.energized.pro/blu/formats/domains.txt is offline.\n
https://block.energized.pro/basic/formats/domains.txt is offline.\n
https://block.energized.pro/ultimate/formats/domains.txt is offline.\n
https://block.energized.pro/extensions/regional/formats/domains.txt is offline.\n
https://raw.githubusercontent.com/nextdns/metadata/master/privacy/native/alexa is offline.\n
https://raw.githubusercontent.com/nextdns/metadata/master/privacy/native/apple is offline.\n
https://raw.githubusercontent.com/nextdns/metadata/master/privacy/native/huawei is offline.\n
https://raw.githubusercontent.com/nextdns/metadata/master/privacy/native/roku is offline.\n
https://raw.githubusercontent.com/nextdns/metadata/master/privacy/native/samsung is offline.\n
https://raw.githubusercontent.com/nextdns/metadata/master/privacy/native/sonos is offline.\n
https://raw.githubusercontent.com/nextdns/metadata/master/privacy/native/windows is offline.\n
https://raw.githubusercontent.com/nextdns/metadata/master/privacy/native/xiaomi is offline.\n
https://block.energized.pro/spark/formats/domains.txt is offline.\n
https://block.energized.pro/bluGo/formats/domains.txt is offline.\n
https://block.energized.pro/blu/formats/domains.txt is offline.\n
https://block.energized.pro/basic/formats/domains.txt is offline.\n
https://block.energized.pro/ultimate/formats/domains.txt is offline.\n
https://block.energized.pro/extensions/regional/formats/domains.txt is offline.\n
https://raw.githubusercontent.com/nextdns/metadata/master/privacy/native/alexa is offline.\n
https://raw.githubusercontent.com/nextdns/metadata/master/privacy/native/apple is offline.\n
https://raw.githubusercontent.com/nextdns/metadata/master/privacy/native/huawei is offline.\n
https://raw.githubusercontent.com/nextdns/metadata/master/privacy/native/roku is offline.\n
https://raw.githubusercontent.com/nextdns/metadata/master/privacy/native/samsung is offline.\n
https://raw.githubusercontent.com/nextdns/metadata/master/privacy/native/sonos is offline.\n
https://raw.githubusercontent.com/nextdns/metadata/master/privacy/native/windows is offline.\n
https://raw.githubusercontent.com/nextdns/metadata/master/privacy/native/xiaomi is offline.\n
https://block.energized.pro/spark/formats/domains.txt is offline.\n
https://block.energized.pro/bluGo/formats/domains.txt is offline.\n
https://block.energized.pro/blu/formats/domains.txt is offline.\n
https://block.energized.pro/basic/formats/domains.txt is offline.\n
https://block.energized.pro/ultimate/formats/domains.txt is offline.\n
https://block.energized.pro/extensions/regional/formats/domains.txt is offline.\n
https://raw.githubusercontent.com/nextdns/metadata/master/privacy/native/alexa is offline.\n
https://raw.githubusercontent.com/nextdns/metadata/master/privacy/native/apple is offline.\n
https://raw.githubusercontent.com/nextdns/metadata/master/privacy/native/huawei is offline.\n
https://raw.githubusercontent.com/nextdns/metadata/master/privacy/native/roku is offline.\n
https://raw.githubusercontent.com/nextdns/metadata/master/privacy/native/samsung is offline.\n
https://raw.githubusercontent.com/nextdns/metadata/master/privacy/native/sonos is offline.\n
https://raw.githubusercontent.com/nextdns/metadata/master/privacy/native/windows is offline.\n
https://raw.githubusercontent.com/nextdns/metadata/master/privacy/native/xiaomi is offline.\n
https://block.energized.pro/spark/formats/domains.txt is offline.\n
https://block.energized.pro/bluGo/formats/domains.txt is offline.\n
https://block.energized.pro/blu/formats/domains.txt is offline.\n
https://block.energized.pro/basic/formats/domains.txt is offline.\n
https://block.energized.pro/ultimate/formats/domains.txt is offline.\n
https://block.energized.pro/extensions/regional/formats/domains.txt is offline.\n
https://raw.githubusercontent.com/nextdns/metadata/master/privacy/native/alexa is offline.\n
https://raw.githubusercontent.com/nextdns/metadata/master/privacy/native/apple is offline.\n
https://raw.githubusercontent.com/nextdns/metadata/master/privacy/native/huawei is offline.\n
https://raw.githubusercontent.com/nextdns/metadata/master/privacy/native/roku is offline.\n
https://raw.githubusercontent.com/nextdns/metadata/master/privacy/native/samsung is offline.\n
https://raw.githubusercontent.com/nextdns/metadata/master/privacy/native/sonos is offline.\n
https://raw.githubusercontent.com/nextdns/metadata/master/privacy/native/windows is offline.\n
https://raw.githubusercontent.com/nextdns/metadata/master/privacy/native/xiaomi is offline.\n
https://block.energized.pro/spark/formats/domains.txt is offline.\n
https://block.energized.pro/bluGo/formats/domains.txt is offline.\n
https://block.energized.pro/blu/formats/domains.txt is offline.\n
https://block.energized.pro/basic/formats/domains.txt is offline.\n
https://block.energized.pro/ultimate/formats/domains.txt is offline.\n
https://block.energized.pro/extensions/regional/formats/domains.txt is offline.\n
https://raw.githubusercontent.com/nextdns/metadata/master/privacy/native/alexa is offline.\n
https://raw.githubusercontent.com/nextdns/metadata/master/privacy/native/apple is offline.\n
https://raw.githubusercontent.com/nextdns/metadata/master/privacy/native/huawei is offline.\n
https://raw.githubusercontent.com/nextdns/metadata/master/privacy/native/roku is offline.\n
https://raw.githubusercontent.com/nextdns/metadata/master/privacy/native/samsung is offline.\n
https://raw.githubusercontent.com/nextdns/metadata/master/privacy/native/sonos is offline.\n
https://raw.githubusercontent.com/nextdns/metadata/master/privacy/native/windows is offline.\n
https://raw.githubusercontent.com/nextdns/metadata/master/privacy/native/xiaomi is offline.\n
https://block.energized.pro/spark/formats/domains.txt is offline.\n
https://block.energized.pro/bluGo/formats/domains.txt is offline.\n
https://block.energized.pro/blu/formats/domains.txt is offline.\n
https://block.energized.pro/basic/formats/domains.txt is offline.\n
https://block.energized.pro/ultimate/formats/domains.txt is offline.\n
https://block.energized.pro/extensions/regional/formats/domains.txt is offline.\n
https://raw.githubusercontent.com/nextdns/metadata/master/privacy/native/alexa is offline.\n
https://raw.githubusercontent.com/nextdns/metadata/master/privacy/native/apple is offline.\n
https://raw.githubusercontent.com/nextdns/metadata/master/privacy/native/huawei is offline.\n
https://raw.githubusercontent.com/nextdns/metadata/master/privacy/native/roku is offline.\n
https://raw.githubusercontent.com/nextdns/metadata/master/privacy/native/samsung is offline.\n
https://raw.githubusercontent.com/nextdns/metadata/master/privacy/native/sonos is offline.\n
https://raw.githubusercontent.com/nextdns/metadata/master/privacy/native/windows is offline.\n
https://raw.githubusercontent.com/nextdns/metadata/master/privacy/native/xiaomi is offline.\n
https://block.energized.pro/spark/formats/domains.txt is offline.\n
https://block.energized.pro/bluGo/formats/domains.txt is offline.\n
https://block.energized.pro/blu/formats/domains.txt is offline.\n
https://block.energized.pro/basic/formats/domains.txt is offline.\n
https://block.energized.pro/ultimate/formats/domains.txt is offline.\n
https://block.energized.pro/extensions/regional/formats/domains.txt is offline.\n
https://raw.githubusercontent.com/nextdns/metadata/master/privacy/native/alexa is offline.\n
https://raw.githubusercontent.com/nextdns/metadata/master/privacy/native/apple is offline.\n
https://raw.githubusercontent.com/nextdns/metadata/master/privacy/native/huawei is offline.\n
https://raw.githubusercontent.com/nextdns/metadata/master/privacy/native/roku is offline.\n
https://raw.githubusercontent.com/nextdns/metadata/master/privacy/native/samsung is offline.\n
https://raw.githubusercontent.com/nextdns/metadata/master/privacy/native/sonos is offline.\n
https://raw.githubusercontent.com/nextdns/metadata/master/privacy/native/windows is offline.\n
https://raw.githubusercontent.com/nextdns/metadata/master/privacy/native/xiaomi is offline.\n
https://block.energized.pro/spark/formats/domains.txt is offline.\n
https://block.energized.pro/bluGo/formats/domains.txt is offline.\n
https://block.energized.pro/blu/formats/domains.txt is offline.\n
https://block.energized.pro/basic/formats/domains.txt is offline.\n
https://block.energized.pro/ultimate/formats/domains.txt is offline.\n
https://block.energized.pro/extensions/regional/formats/domains.txt is offline.\n
https://raw.githubusercontent.com/nextdns/metadata/master/privacy/native/alexa is offline.\n
https://raw.githubusercontent.com/nextdns/metadata/master/privacy/native/apple is offline.\n
https://raw.githubusercontent.com/nextdns/metadata/master/privacy/native/huawei is offline.\n
https://raw.githubusercontent.com/nextdns/metadata/master/privacy/native/roku is offline.\n
https://raw.githubusercontent.com/nextdns/metadata/master/privacy/native/samsung is offline.\n
https://raw.githubusercontent.com/nextdns/metadata/master/privacy/native/sonos is offline.\n
https://raw.githubusercontent.com/nextdns/metadata/master/privacy/native/windows is offline.\n
https://raw.githubusercontent.com/nextdns/metadata/master/privacy/native/xiaomi is offline.\n
https://dbl.oisd.nl/basic/ is offline.\n
https://dbl.oisd.nl/ is offline.\n
https://block.energized.pro/spark/formats/domains.txt is offline.\n
https://block.energized.pro/bluGo/formats/domains.txt is offline.\n
https://block.energized.pro/blu/formats/domains.txt is offline.\n
https://block.energized.pro/basic/formats/domains.txt is offline.\n
https://block.energized.pro/ultimate/formats/domains.txt is offline.\n
https://block.energized.pro/extensions/regional/formats/domains.txt is offline.\n
https://raw.githubusercontent.com/nextdns/metadata/master/privacy/native/alexa is offline.\n
https://raw.githubusercontent.com/nextdns/metadata/master/privacy/native/apple is offline.\n
https://raw.githubusercontent.com/nextdns/metadata/master/privacy/native/huawei is offline.\n
https://raw.githubusercontent.com/nextdns/metadata/master/privacy/native/roku is offline.\n
https://raw.githubusercontent.com/nextdns/metadata/master/privacy/native/samsung is offline.\n
https://raw.githubusercontent.com/nextdns/metadata/master/privacy/native/sonos is offline.\n
https://raw.githubusercontent.com/nextdns/metadata/master/privacy/native/windows is offline.\n
https://raw.githubusercontent.com/nextdns/metadata/master/privacy/native/xiaomi is offline.\n
https://block.energized.pro/spark/formats/domains.txt is offline.\n
https://block.energized.pro/bluGo/formats/domains.txt is offline.\n
https://block.energized.pro/blu/formats/domains.txt is offline.\n
https://block.energized.pro/basic/formats/domains.txt is offline.\n
https://block.energized.pro/ultimate/formats/domains.txt is offline.\n
https://block.energized.pro/extensions/regional/formats/domains.txt is offline.\n
https://raw.githubusercontent.com/nextdns/metadata/master/privacy/native/alexa is offline.\n
https://raw.githubusercontent.com/nextdns/metadata/master/privacy/native/apple is offline.\n
https://raw.githubusercontent.com/nextdns/metadata/master/privacy/native/huawei is offline.\n
https://raw.githubusercontent.com/nextdns/metadata/master/privacy/native/roku is offline.\n
https://raw.githubusercontent.com/nextdns/metadata/master/privacy/native/samsung is offline.\n
https://raw.githubusercontent.com/nextdns/metadata/master/privacy/native/sonos is offline.\n
https://raw.githubusercontent.com/nextdns/metadata/master/privacy/native/windows is offline.\n
https://raw.githubusercontent.com/nextdns/metadata/master/privacy/native/xiaomi is offline.\n
https://block.energized.pro/spark/formats/domains.txt is offline.\n
https://block.energized.pro/bluGo/formats/domains.txt is offline.\n
https://block.energized.pro/blu/formats/domains.txt is offline.\n
https://block.energized.pro/basic/formats/domains.txt is offline.\n
https://block.energized.pro/ultimate/formats/domains.txt is offline.\n
https://block.energized.pro/extensions/regional/formats/domains.txt is offline.\n
https://raw.githubusercontent.com/nextdns/metadata/master/privacy/native/alexa is offline.\n
https://raw.githubusercontent.com/nextdns/metadata/master/privacy/native/apple is offline.\n
https://raw.githubusercontent.com/nextdns/metadata/master/privacy/native/huawei is offline.\n
https://raw.githubusercontent.com/nextdns/metadata/master/privacy/native/roku is offline.\n
https://raw.githubusercontent.com/nextdns/metadata/master/privacy/native/samsung is offline.\n
https://raw.githubusercontent.com/nextdns/metadata/master/privacy/native/sonos is offline.\n
https://raw.githubusercontent.com/nextdns/metadata/master/privacy/native/windows is offline.\n
https://raw.githubusercontent.com/nextdns/metadata/master/privacy/native/xiaomi is offline.\n
https://block.energized.pro/spark/formats/domains.txt is offline.\n
https://block.energized.pro/bluGo/formats/domains.txt is offline.\n
https://block.energized.pro/blu/formats/domains.txt is offline.\n
https://block.energized.pro/basic/formats/domains.txt is offline.\n
https://block.energized.pro/ultimate/formats/domains.txt is offline.\n
https://block.energized.pro/extensions/regional/formats/domains.txt is offline.\n
https://raw.githubusercontent.com/nextdns/metadata/master/privacy/native/alexa is offline.\n
https://raw.githubusercontent.com/nextdns/metadata/master/privacy/native/apple is offline.\n
https://raw.githubusercontent.com/nextdns/metadata/master/privacy/native/huawei is offline.\n
https://raw.githubusercontent.com/nextdns/metadata/master/privacy/native/roku is offline.\n
https://raw.githubusercontent.com/nextdns/metadata/master/privacy/native/samsung is offline.\n
https://raw.githubusercontent.com/nextdns/metadata/master/privacy/native/sonos is offline.\n
https://raw.githubusercontent.com/nextdns/metadata/master/privacy/native/windows is offline.\n
https://raw.githubusercontent.com/nextdns/metadata/master/privacy/native/xiaomi is offline.\n
https://block.energized.pro/spark/formats/domains.txt is offline.\n
https://block.energized.pro/bluGo/formats/domains.txt is offline.\n
https://block.energized.pro/blu/formats/domains.txt is offline.\n
https://block.energized.pro/basic/formats/domains.txt is offline.\n
https://block.energized.pro/ultimate/formats/domains.txt is offline.\n
https://block.energized.pro/extensions/regional/formats/domains.txt is offline.\n
https://raw.githubusercontent.com/nextdns/metadata/master/privacy/native/alexa is offline.\n
https://raw.githubusercontent.com/nextdns/metadata/master/privacy/native/apple is offline.\n
https://raw.githubusercontent.com/nextdns/metadata/master/privacy/native/huawei is offline.\n
https://raw.githubusercontent.com/nextdns/metadata/master/privacy/native/roku is offline.\n
https://raw.githubusercontent.com/nextdns/metadata/master/privacy/native/samsung is offline.\n
https://raw.githubusercontent.com/nextdns/metadata/master/privacy/native/sonos is offline.\n
https://raw.githubusercontent.com/nextdns/metadata/master/privacy/native/windows is offline.\n
https://raw.githubusercontent.com/nextdns/metadata/master/privacy/native/xiaomi is offline.\n
https://block.energized.pro/spark/formats/domains.txt is offline.\n
https://block.energized.pro/bluGo/formats/domains.txt is offline.\n
https://block.energized.pro/blu/formats/domains.txt is offline.\n
https://block.energized.pro/basic/formats/domains.txt is offline.\n
https://block.energized.pro/ultimate/formats/domains.txt is offline.\n
https://block.energized.pro/extensions/regional/formats/domains.txt is offline.\n
https://raw.githubusercontent.com/nextdns/metadata/master/privacy/native/alexa is offline.\n
https://raw.githubusercontent.com/nextdns/metadata/master/privacy/native/apple is offline.\n
https://raw.githubusercontent.com/nextdns/metadata/master/privacy/native/huawei is offline.\n
https://raw.githubusercontent.com/nextdns/metadata/master/privacy/native/roku is offline.\n
https://raw.githubusercontent.com/nextdns/metadata/master/privacy/native/samsung is offline.\n
https://raw.githubusercontent.com/nextdns/metadata/master/privacy/native/sonos is offline.\n
https://raw.githubusercontent.com/nextdns/metadata/master/privacy/native/windows is offline.\n
https://raw.githubusercontent.com/nextdns/metadata/master/privacy/native/xiaomi is offline.\n
https://block.energized.pro/spark/formats/domains.txt is offline.\n
https://block.energized.pro/bluGo/formats/domains.txt is offline.\n
https://block.energized.pro/blu/formats/domains.txt is offline.\n
https://block.energized.pro/basic/formats/domains.txt is offline.\n
https://block.energized.pro/ultimate/formats/domains.txt is offline.\n
https://block.energized.pro/extensions/regional/formats/domains.txt is offline.\n
https://raw.githubusercontent.com/nextdns/metadata/master/privacy/native/alexa is offline.\n
https://raw.githubusercontent.com/nextdns/metadata/master/privacy/native/apple is offline.\n
https://raw.githubusercontent.com/nextdns/metadata/master/privacy/native/huawei is offline.\n
https://raw.githubusercontent.com/nextdns/metadata/master/privacy/native/roku is offline.\n
https://raw.githubusercontent.com/nextdns/metadata/master/privacy/native/samsung is offline.\n
https://raw.githubusercontent.com/nextdns/metadata/master/privacy/native/sonos is offline.\n
https://raw.githubusercontent.com/nextdns/metadata/master/privacy/native/windows is offline.\n
https://raw.githubusercontent.com/nextdns/metadata/master/privacy/native/xiaomi is offline.\n
https://block.energized.pro/spark/formats/domains.txt is offline.\n
https://block.energized.pro/bluGo/formats/domains.txt is offline.\n
https://block.energized.pro/blu/formats/domains.txt is offline.\n
https://block.energized.pro/basic/formats/domains.txt is offline.\n
https://block.energized.pro/ultimate/formats/domains.txt is offline.\n
https://block.energized.pro/extensions/regional/formats/domains.txt is offline.\n
https://raw.githubusercontent.com/nextdns/metadata/master/privacy/native/alexa is offline.\n
https://raw.githubusercontent.com/nextdns/metadata/master/privacy/native/apple is offline.\n
https://raw.githubusercontent.com/nextdns/metadata/master/privacy/native/huawei is offline.\n
https://raw.githubusercontent.com/nextdns/metadata/master/privacy/native/roku is offline.\n
https://raw.githubusercontent.com/nextdns/metadata/master/privacy/native/samsung is offline.\n
https://raw.githubusercontent.com/nextdns/metadata/master/privacy/native/sonos is offline.\n
https://raw.githubusercontent.com/nextdns/metadata/master/privacy/native/windows is offline.\n
https://raw.githubusercontent.com/nextdns/metadata/master/privacy/native/xiaomi is offline.\n
https://block.energized.pro/spark/formats/domains.txt is offline.\n
https://block.energized.pro/bluGo/formats/domains.txt is offline.\n
https://block.energized.pro/blu/formats/domains.txt is offline.\n
https://block.energized.pro/basic/formats/domains.txt is offline.\n
https://block.energized.pro/ultimate/formats/domains.txt is offline.\n
https://block.energized.pro/extensions/regional/formats/domains.txt is offline.\n
https://raw.githubusercontent.com/hagezi/dns-blocklists/main/domains/light.txt is offline.\n
https://raw.githubusercontent.com/nextdns/metadata/master/privacy/native/alexa is offline.\n
https://raw.githubusercontent.com/nextdns/metadata/master/privacy/native/apple is offline.\n
https://raw.githubusercontent.com/nextdns/metadata/master/privacy/native/huawei is offline.\n
https://raw.githubusercontent.com/nextdns/metadata/master/privacy/native/roku is offline.\n
https://raw.githubusercontent.com/nextdns/metadata/master/privacy/native/samsung is offline.\n
https://raw.githubusercontent.com/nextdns/metadata/master/privacy/native/sonos is offline.\n
https://raw.githubusercontent.com/nextdns/metadata/master/privacy/native/windows is offline.\n
https://raw.githubusercontent.com/nextdns/metadata/master/privacy/native/xiaomi is offline.\n
https://block.energized.pro/spark/formats/domains.txt is offline.\n
https://block.energized.pro/bluGo/formats/domains.txt is offline.\n
https://block.energized.pro/blu/formats/domains.txt is offline.\n
https://block.energized.pro/basic/formats/domains.txt is offline.\n
https://block.energized.pro/ultimate/formats/domains.txt is offline.\n
https://block.energized.pro/extensions/regional/formats/domains.txt is offline.\n
https://raw.githubusercontent.com/nextdns/metadata/master/privacy/native/alexa is offline.\n
https://raw.githubusercontent.com/nextdns/metadata/master/privacy/native/apple is offline.\n
https://raw.githubusercontent.com/nextdns/metadata/master/privacy/native/huawei is offline.\n
https://raw.githubusercontent.com/nextdns/metadata/master/privacy/native/roku is offline.\n
https://raw.githubusercontent.com/nextdns/metadata/master/privacy/native/samsung is offline.\n
https://raw.githubusercontent.com/nextdns/metadata/master/privacy/native/sonos is offline.\n
https://raw.githubusercontent.com/nextdns/metadata/master/privacy/native/windows is offline.\n
https://raw.githubusercontent.com/nextdns/metadata/master/privacy/native/xiaomi is offline.\n
https://block.energized.pro/spark/formats/domains.txt is offline.\n
https://block.energized.pro/bluGo/formats/domains.txt is offline.\n
https://block.energized.pro/blu/formats/domains.txt is offline.\n
https://block.energized.pro/basic/formats/domains.txt is offline.\n
https://block.energized.pro/ultimate/formats/domains.txt is offline.\n
https://block.energized.pro/extensions/regional/formats/domains.txt is offline.\n
https://raw.githubusercontent.com/nextdns/metadata/master/privacy/native/alexa is offline.\n
https://raw.githubusercontent.com/nextdns/metadata/master/privacy/native/apple is offline.\n
https://raw.githubusercontent.com/nextdns/metadata/master/privacy/native/huawei is offline.\n
https://raw.githubusercontent.com/nextdns/metadata/master/privacy/native/roku is offline.\n
https://raw.githubusercontent.com/nextdns/metadata/master/privacy/native/samsung is offline.\n
https://raw.githubusercontent.com/nextdns/metadata/master/privacy/native/sonos is offline.\n
https://raw.githubusercontent.com/nextdns/metadata/master/privacy/native/windows is offline.\n
https://raw.githubusercontent.com/nextdns/metadata/master/privacy/native/xiaomi is offline.\n
https://block.energized.pro/spark/formats/domains.txt is offline.\n
https://block.energized.pro/bluGo/formats/domains.txt is offline.\n
https://block.energized.pro/blu/formats/domains.txt is offline.\n
https://block.energized.pro/basic/formats/domains.txt is offline.\n
https://block.energized.pro/ultimate/formats/domains.txt is offline.\n
https://block.energized.pro/extensions/regional/formats/domains.txt is offline.\n
https://raw.githubusercontent.com/nextdns/metadata/master/privacy/native/alexa is offline.\n
https://raw.githubusercontent.com/nextdns/metadata/master/privacy/native/apple is offline.\n
https://raw.githubusercontent.com/nextdns/metadata/master/privacy/native/huawei is offline.\n
https://raw.githubusercontent.com/nextdns/metadata/master/privacy/native/roku is offline.\n
https://raw.githubusercontent.com/nextdns/metadata/master/privacy/native/samsung is offline.\n
https://raw.githubusercontent.com/nextdns/metadata/master/privacy/native/sonos is offline.\n
https://raw.githubusercontent.com/nextdns/metadata/master/privacy/native/windows is offline.\n
https://raw.githubusercontent.com/nextdns/metadata/master/privacy/native/xiaomi is offline.\n
https://block.energized.pro/spark/formats/domains.txt is offline.\n
https://block.energized.pro/bluGo/formats/domains.txt is offline.\n
https://block.energized.pro/blu/formats/domains.txt is offline.\n
https://block.energized.pro/basic/formats/domains.txt is offline.\n
https://block.energized.pro/ultimate/formats/domains.txt is offline.\n
https://block.energized.pro/extensions/regional/formats/domains.txt is offline.\n
https://raw.githubusercontent.com/nextdns/metadata/master/privacy/native/alexa is offline.\n
https://raw.githubusercontent.com/nextdns/metadata/master/privacy/native/apple is offline.\n
https://raw.githubusercontent.com/nextdns/metadata/master/privacy/native/huawei is offline.\n
https://raw.githubusercontent.com/nextdns/metadata/master/privacy/native/roku is offline.\n
https://raw.githubusercontent.com/nextdns/metadata/master/privacy/native/samsung is offline.\n
https://raw.githubusercontent.com/nextdns/metadata/master/privacy/native/sonos is offline.\n
https://raw.githubusercontent.com/nextdns/metadata/master/privacy/native/windows is offline.\n
https://raw.githubusercontent.com/nextdns/metadata/master/privacy/native/xiaomi is offline.\n
https://block.energized.pro/spark/formats/domains.txt is offline.\n
https://block.energized.pro/bluGo/formats/domains.txt is offline.\n
https://block.energized.pro/blu/formats/domains.txt is offline.\n
https://block.energized.pro/basic/formats/domains.txt is offline.\n
https://block.energized.pro/ultimate/formats/domains.txt is offline.\n
https://block.energized.pro/extensions/regional/formats/domains.txt is offline.\n
https://raw.githubusercontent.com/nextdns/metadata/master/privacy/native/alexa is offline.\n
https://raw.githubusercontent.com/nextdns/metadata/master/privacy/native/apple is offline.\n
https://raw.githubusercontent.com/nextdns/metadata/master/privacy/native/huawei is offline.\n
https://raw.githubusercontent.com/nextdns/metadata/master/privacy/native/roku is offline.\n
https://raw.githubusercontent.com/nextdns/metadata/master/privacy/native/samsung is offline.\n
https://raw.githubusercontent.com/nextdns/metadata/master/privacy/native/sonos is offline.\n
https://raw.githubusercontent.com/nextdns/metadata/master/privacy/native/windows is offline.\n
https://raw.githubusercontent.com/nextdns/metadata/master/privacy/native/xiaomi is offline.\n
https://block.energized.pro/spark/formats/domains.txt is offline.\n
https://block.energized.pro/bluGo/formats/domains.txt is offline.\n
https://block.energized.pro/blu/formats/domains.txt is offline.\n
https://block.energized.pro/basic/formats/domains.txt is offline.\n
https://block.energized.pro/ultimate/formats/domains.txt is offline.\n
https://block.energized.pro/extensions/regional/formats/domains.txt is offline.\n
https://raw.githubusercontent.com/nextdns/metadata/master/privacy/native/alexa is offline.\n
https://raw.githubusercontent.com/nextdns/metadata/master/privacy/native/apple is offline.\n
https://raw.githubusercontent.com/nextdns/metadata/master/privacy/native/huawei is offline.\n
https://raw.githubusercontent.com/nextdns/metadata/master/privacy/native/roku is offline.\n
https://raw.githubusercontent.com/nextdns/metadata/master/privacy/native/samsung is offline.\n
https://raw.githubusercontent.com/nextdns/metadata/master/privacy/native/sonos is offline.\n
https://raw.githubusercontent.com/nextdns/metadata/master/privacy/native/windows is offline.\n
https://raw.githubusercontent.com/nextdns/metadata/master/privacy/native/xiaomi is offline.\n
https://block.energized.pro/spark/formats/domains.txt is offline.\n
https://block.energized.pro/bluGo/formats/domains.txt is offline.\n
https://block.energized.pro/blu/formats/domains.txt is offline.\n
https://block.energized.pro/basic/formats/domains.txt is offline.\n
https://block.energized.pro/ultimate/formats/domains.txt is offline.\n
https://block.energized.pro/extensions/regional/formats/domains.txt is offline.\n
https://raw.githubusercontent.com/nextdns/metadata/master/privacy/native/alexa is offline.\n
https://raw.githubusercontent.com/nextdns/metadata/master/privacy/native/apple is offline.\n
https://raw.githubusercontent.com/nextdns/metadata/master/privacy/native/huawei is offline.\n
https://raw.githubusercontent.com/nextdns/metadata/master/privacy/native/roku is offline.\n
https://raw.githubusercontent.com/nextdns/metadata/master/privacy/native/samsung is offline.\n
https://raw.githubusercontent.com/nextdns/metadata/master/privacy/native/sonos is offline.\n
https://raw.githubusercontent.com/nextdns/metadata/master/privacy/native/windows is offline.\n
https://raw.githubusercontent.com/nextdns/metadata/master/privacy/native/xiaomi is offline.\n
https://block.energized.pro/spark/formats/domains.txt is offline.\n
https://block.energized.pro/bluGo/formats/domains.txt is offline.\n
https://block.energized.pro/blu/formats/domains.txt is offline.\n
https://block.energized.pro/basic/formats/domains.txt is offline.\n
https://block.energized.pro/ultimate/formats/domains.txt is offline.\n
https://block.energized.pro/extensions/regional/formats/domains.txt is offline.\n
https://raw.githubusercontent.com/nextdns/metadata/master/privacy/native/alexa is offline.\n
https://raw.githubusercontent.com/nextdns/metadata/master/privacy/native/apple is offline.\n
https://raw.githubusercontent.com/nextdns/metadata/master/privacy/native/huawei is offline.\n
https://raw.githubusercontent.com/nextdns/metadata/master/privacy/native/roku is offline.\n
https://raw.githubusercontent.com/nextdns/metadata/master/privacy/native/samsung is offline.\n
https://raw.githubusercontent.com/nextdns/metadata/master/privacy/native/sonos is offline.\n
https://raw.githubusercontent.com/nextdns/metadata/master/privacy/native/windows is offline.\n
https://raw.githubusercontent.com/nextdns/metadata/master/privacy/native/xiaomi is offline.\n
https://block.energized.pro/spark/formats/domains.txt is offline.\n
https://block.energized.pro/bluGo/formats/domains.txt is offline.\n
https://block.energized.pro/blu/formats/domains.txt is offline.\n
https://block.energized.pro/basic/formats/domains.txt is offline.\n
https://block.energized.pro/ultimate/formats/domains.txt is offline.\n
https://block.energized.pro/extensions/regional/formats/domains.txt is offline.\n
https://raw.githubusercontent.com/nextdns/metadata/master/privacy/native/alexa is offline.\n
https://raw.githubusercontent.com/nextdns/metadata/master/privacy/native/apple is offline.\n
https://raw.githubusercontent.com/nextdns/metadata/master/privacy/native/huawei is offline.\n
https://raw.githubusercontent.com/nextdns/metadata/master/privacy/native/roku is offline.\n
https://raw.githubusercontent.com/nextdns/metadata/master/privacy/native/samsung is offline.\n
https://raw.githubusercontent.com/nextdns/metadata/master/privacy/native/sonos is offline.\n
https://raw.githubusercontent.com/nextdns/metadata/master/privacy/native/windows is offline.\n
https://raw.githubusercontent.com/nextdns/metadata/master/privacy/native/xiaomi is offline.\n
https://block.energized.pro/spark/formats/domains.txt is offline.\n
https://block.energized.pro/bluGo/formats/domains.txt is offline.\n
https://block.energized.pro/blu/formats/domains.txt is offline.\n
https://block.energized.pro/basic/formats/domains.txt is offline.\n
https://block.energized.pro/ultimate/formats/domains.txt is offline.\n
https://block.energized.pro/extensions/regional/formats/domains.txt is offline.\n
https://raw.githubusercontent.com/nextdns/metadata/master/privacy/native/alexa is offline.\n
https://raw.githubusercontent.com/nextdns/metadata/master/privacy/native/apple is offline.\n
https://raw.githubusercontent.com/nextdns/metadata/master/privacy/native/huawei is offline.\n
https://raw.githubusercontent.com/nextdns/metadata/master/privacy/native/roku is offline.\n
https://raw.githubusercontent.com/nextdns/metadata/master/privacy/native/samsung is offline.\n
https://raw.githubusercontent.com/nextdns/metadata/master/privacy/native/sonos is offline.\n
https://raw.githubusercontent.com/nextdns/metadata/master/privacy/native/windows is offline.\n
https://raw.githubusercontent.com/nextdns/metadata/master/privacy/native/xiaomi is offline.\n
https://block.energized.pro/spark/formats/domains.txt is offline.\n
https://block.energized.pro/bluGo/formats/domains.txt is offline.\n
https://block.energized.pro/blu/formats/domains.txt is offline.\n
https://block.energized.pro/basic/formats/domains.txt is offline.\n
https://block.energized.pro/ultimate/formats/domains.txt is offline.\n
https://block.energized.pro/extensions/regional/formats/domains.txt is offline.\n
https://raw.githubusercontent.com/nextdns/metadata/master/privacy/native/alexa is offline.\n
https://raw.githubusercontent.com/nextdns/metadata/master/privacy/native/apple is offline.\n
https://raw.githubusercontent.com/nextdns/metadata/master/privacy/native/huawei is offline.\n
https://raw.githubusercontent.com/nextdns/metadata/master/privacy/native/roku is offline.\n
https://raw.githubusercontent.com/nextdns/metadata/master/privacy/native/samsung is offline.\n
https://raw.githubusercontent.com/nextdns/metadata/master/privacy/native/sonos is offline.\n
https://raw.githubusercontent.com/nextdns/metadata/master/privacy/native/windows is offline.\n
https://raw.githubusercontent.com/nextdns/metadata/master/privacy/native/xiaomi is offline.\n
https://block.energized.pro/spark/formats/domains.txt is offline.\n
https://block.energized.pro/bluGo/formats/domains.txt is offline.\n
https://block.energized.pro/blu/formats/domains.txt is offline.\n
https://block.energized.pro/basic/formats/domains.txt is offline.\n
https://block.energized.pro/ultimate/formats/domains.txt is offline.\n
https://block.energized.pro/extensions/regional/formats/domains.txt is offline.\n
https://raw.githubusercontent.com/nextdns/metadata/master/privacy/native/alexa is offline.\n
https://raw.githubusercontent.com/nextdns/metadata/master/privacy/native/apple is offline.\n
https://raw.githubusercontent.com/nextdns/metadata/master/privacy/native/huawei is offline.\n
https://raw.githubusercontent.com/nextdns/metadata/master/privacy/native/roku is offline.\n
https://raw.githubusercontent.com/nextdns/metadata/master/privacy/native/samsung is offline.\n
https://raw.githubusercontent.com/nextdns/metadata/master/privacy/native/sonos is offline.\n
https://raw.githubusercontent.com/nextdns/metadata/master/privacy/native/windows is offline.\n
https://raw.githubusercontent.com/nextdns/metadata/master/privacy/native/xiaomi is offline.\n
https://block.energized.pro/spark/formats/domains.txt is offline.\n
https://block.energized.pro/bluGo/formats/domains.txt is offline.\n
https://block.energized.pro/blu/formats/domains.txt is offline.\n
https://block.energized.pro/basic/formats/domains.txt is offline.\n
https://block.energized.pro/ultimate/formats/domains.txt is offline.\n
https://block.energized.pro/extensions/regional/formats/domains.txt is offline.\n
https://raw.githubusercontent.com/nextdns/metadata/master/privacy/native/alexa is offline.\n
https://raw.githubusercontent.com/nextdns/metadata/master/privacy/native/apple is offline.\n
https://raw.githubusercontent.com/nextdns/metadata/master/privacy/native/huawei is offline.\n
https://raw.githubusercontent.com/nextdns/metadata/master/privacy/native/roku is offline.\n
https://raw.githubusercontent.com/nextdns/metadata/master/privacy/native/samsung is offline.\n
https://raw.githubusercontent.com/nextdns/metadata/master/privacy/native/sonos is offline.\n
https://raw.githubusercontent.com/nextdns/metadata/master/privacy/native/windows is offline.\n
https://raw.githubusercontent.com/nextdns/metadata/master/privacy/native/xiaomi is offline.\n
https://block.energized.pro/spark/formats/domains.txt is offline.\n
https://block.energized.pro/bluGo/formats/domains.txt is offline.\n
https://block.energized.pro/blu/formats/domains.txt is offline.\n
https://block.energized.pro/basic/formats/domains.txt is offline.\n
https://block.energized.pro/ultimate/formats/domains.txt is offline.\n
https://block.energized.pro/extensions/regional/formats/domains.txt is offline.\n
https://raw.githubusercontent.com/nextdns/metadata/master/privacy/native/alexa is offline.\n
https://raw.githubusercontent.com/nextdns/metadata/master/privacy/native/apple is offline.\n
https://raw.githubusercontent.com/nextdns/metadata/master/privacy/native/huawei is offline.\n
https://raw.githubusercontent.com/nextdns/metadata/master/privacy/native/roku is offline.\n
https://raw.githubusercontent.com/nextdns/metadata/master/privacy/native/samsung is offline.\n
https://raw.githubusercontent.com/nextdns/metadata/master/privacy/native/sonos is offline.\n
https://raw.githubusercontent.com/nextdns/metadata/master/privacy/native/windows is offline.\n
https://raw.githubusercontent.com/nextdns/metadata/master/privacy/native/xiaomi is offline.\n
https://block.energized.pro/spark/formats/domains.txt is offline.\n
https://block.energized.pro/bluGo/formats/domains.txt is offline.\n
https://block.energized.pro/blu/formats/domains.txt is offline.\n
https://block.energized.pro/basic/formats/domains.txt is offline.\n
https://block.energized.pro/ultimate/formats/domains.txt is offline.\n
https://block.energized.pro/extensions/regional/formats/domains.txt is offline.\n
https://raw.githubusercontent.com/nextdns/metadata/master/privacy/native/alexa is offline.\n
https://raw.githubusercontent.com/nextdns/metadata/master/privacy/native/apple is offline.\n
https://raw.githubusercontent.com/nextdns/metadata/master/privacy/native/huawei is offline.\n
https://raw.githubusercontent.com/nextdns/metadata/master/privacy/native/roku is offline.\n
https://raw.githubusercontent.com/nextdns/metadata/master/privacy/native/samsung is offline.\n
https://raw.githubusercontent.com/nextdns/metadata/master/privacy/native/sonos is offline.\n
https://raw.githubusercontent.com/nextdns/metadata/master/privacy/native/windows is offline.\n
https://raw.githubusercontent.com/nextdns/metadata/master/privacy/native/xiaomi is offline.\n
https://block.energized.pro/spark/formats/domains.txt is offline.\n
https://block.energized.pro/bluGo/formats/domains.txt is offline.\n
https://block.energized.pro/blu/formats/domains.txt is offline.\n
https://block.energized.pro/basic/formats/domains.txt is offline.\n
https://block.energized.pro/ultimate/formats/domains.txt is offline.\n
https://block.energized.pro/extensions/regional/formats/domains.txt is offline.\n
https://raw.githubusercontent.com/nextdns/metadata/master/privacy/native/alexa is offline.\n
https://raw.githubusercontent.com/nextdns/metadata/master/privacy/native/apple is offline.\n
https://raw.githubusercontent.com/nextdns/metadata/master/privacy/native/huawei is offline.\n
https://raw.githubusercontent.com/nextdns/metadata/master/privacy/native/roku is offline.\n
https://raw.githubusercontent.com/nextdns/metadata/master/privacy/native/samsung is offline.\n
https://raw.githubusercontent.com/nextdns/metadata/master/privacy/native/sonos is offline.\n
https://raw.githubusercontent.com/nextdns/metadata/master/privacy/native/windows is offline.\n
https://raw.githubusercontent.com/nextdns/metadata/master/privacy/native/xiaomi is offline.\n
https://dbl.oisd.nl/basic/ is offline.\n
https://dbl.oisd.nl/ is offline.\n
https://block.energized.pro/spark/formats/domains.txt is offline.\n
https://block.energized.pro/bluGo/formats/domains.txt is offline.\n
https://block.energized.pro/blu/formats/domains.txt is offline.\n
https://block.energized.pro/basic/formats/domains.txt is offline.\n
https://block.energized.pro/ultimate/formats/domains.txt is offline.\n
https://block.energized.pro/extensions/regional/formats/domains.txt is offline.\n
https://raw.githubusercontent.com/nextdns/metadata/master/privacy/native/alexa is offline.\n
https://raw.githubusercontent.com/nextdns/metadata/master/privacy/native/apple is offline.\n
https://raw.githubusercontent.com/nextdns/metadata/master/privacy/native/huawei is offline.\n
https://raw.githubusercontent.com/nextdns/metadata/master/privacy/native/roku is offline.\n
https://raw.githubusercontent.com/nextdns/metadata/master/privacy/native/samsung is offline.\n
https://raw.githubusercontent.com/nextdns/metadata/master/privacy/native/sonos is offline.\n
https://raw.githubusercontent.com/nextdns/metadata/master/privacy/native/windows is offline.\n
https://raw.githubusercontent.com/nextdns/metadata/master/privacy/native/xiaomi is offline.\n
https://dbl.oisd.nl/basic/ is offline.\n
https://dbl.oisd.nl/ is offline.\n
https://block.energized.pro/spark/formats/domains.txt is offline.\n
https://block.energized.pro/bluGo/formats/domains.txt is offline.\n
https://block.energized.pro/blu/formats/domains.txt is offline.\n
https://block.energized.pro/basic/formats/domains.txt is offline.\n
https://block.energized.pro/ultimate/formats/domains.txt is offline.\n
https://block.energized.pro/extensions/regional/formats/domains.txt is offline.\n
https://raw.githubusercontent.com/nextdns/metadata/master/privacy/native/alexa is offline.\n
https://raw.githubusercontent.com/nextdns/metadata/master/privacy/native/apple is offline.\n
https://raw.githubusercontent.com/nextdns/metadata/master/privacy/native/huawei is offline.\n
https://raw.githubusercontent.com/nextdns/metadata/master/privacy/native/roku is offline.\n
https://raw.githubusercontent.com/nextdns/metadata/master/privacy/native/samsung is offline.\n
https://raw.githubusercontent.com/nextdns/metadata/master/privacy/native/sonos is offline.\n
https://raw.githubusercontent.com/nextdns/metadata/master/privacy/native/windows is offline.\n
https://raw.githubusercontent.com/nextdns/metadata/master/privacy/native/xiaomi is offline.\n
https://dbl.oisd.nl/basic/ is offline.\n
https://dbl.oisd.nl/ is offline.\n
https://block.energized.pro/spark/formats/domains.txt is offline.\n
https://block.energized.pro/bluGo/formats/domains.txt is offline.\n
https://block.energized.pro/blu/formats/domains.txt is offline.\n
https://block.energized.pro/basic/formats/domains.txt is offline.\n
https://block.energized.pro/ultimate/formats/domains.txt is offline.\n
https://block.energized.pro/extensions/regional/formats/domains.txt is offline.\n
https://raw.githubusercontent.com/nextdns/metadata/master/privacy/native/alexa is offline.\n
https://raw.githubusercontent.com/nextdns/metadata/master/privacy/native/apple is offline.\n
https://raw.githubusercontent.com/nextdns/metadata/master/privacy/native/huawei is offline.\n
https://raw.githubusercontent.com/nextdns/metadata/master/privacy/native/roku is offline.\n
https://raw.githubusercontent.com/nextdns/metadata/master/privacy/native/samsung is offline.\n
https://raw.githubusercontent.com/nextdns/metadata/master/privacy/native/sonos is offline.\n
https://raw.githubusercontent.com/nextdns/metadata/master/privacy/native/windows is offline.\n
https://raw.githubusercontent.com/nextdns/metadata/master/privacy/native/xiaomi is offline.\n
https://dbl.oisd.nl/basic/ is offline.\n
https://dbl.oisd.nl/ is offline.\n
https://block.energized.pro/spark/formats/domains.txt is offline.\n
https://block.energized.pro/bluGo/formats/domains.txt is offline.\n
https://block.energized.pro/blu/formats/domains.txt is offline.\n
https://block.energized.pro/basic/formats/domains.txt is offline.\n
https://block.energized.pro/ultimate/formats/domains.txt is offline.\n
https://block.energized.pro/extensions/regional/formats/domains.txt is offline.\n
https://raw.githubusercontent.com/nextdns/metadata/master/privacy/native/alexa is offline.\n
https://raw.githubusercontent.com/nextdns/metadata/master/privacy/native/apple is offline.\n
https://raw.githubusercontent.com/nextdns/metadata/master/privacy/native/huawei is offline.\n
https://raw.githubusercontent.com/nextdns/metadata/master/privacy/native/roku is offline.\n
https://raw.githubusercontent.com/nextdns/metadata/master/privacy/native/samsung is offline.\n
https://raw.githubusercontent.com/nextdns/metadata/master/privacy/native/sonos is offline.\n
https://raw.githubusercontent.com/nextdns/metadata/master/privacy/native/windows is offline.\n
https://raw.githubusercontent.com/nextdns/metadata/master/privacy/native/xiaomi is offline.\n
https://dbl.oisd.nl/basic/ is offline.\n
https://dbl.oisd.nl/ is offline.\n
https://block.energized.pro/spark/formats/domains.txt is offline.\n
https://block.energized.pro/bluGo/formats/domains.txt is offline.\n
https://block.energized.pro/blu/formats/domains.txt is offline.\n
https://block.energized.pro/basic/formats/domains.txt is offline.\n
https://block.energized.pro/ultimate/formats/domains.txt is offline.\n
https://block.energized.pro/extensions/regional/formats/domains.txt is offline.\n
https://raw.githubusercontent.com/nextdns/metadata/master/privacy/native/alexa is offline.\n
https://raw.githubusercontent.com/nextdns/metadata/master/privacy/native/apple is offline.\n
https://raw.githubusercontent.com/nextdns/metadata/master/privacy/native/huawei is offline.\n
https://raw.githubusercontent.com/nextdns/metadata/master/privacy/native/roku is offline.\n
https://raw.githubusercontent.com/nextdns/metadata/master/privacy/native/samsung is offline.\n
https://raw.githubusercontent.com/nextdns/metadata/master/privacy/native/sonos is offline.\n
https://raw.githubusercontent.com/nextdns/metadata/master/privacy/native/windows is offline.\n
https://raw.githubusercontent.com/nextdns/metadata/master/privacy/native/xiaomi is offline.\n
https://dbl.oisd.nl/basic/ is offline.\n
https://dbl.oisd.nl/ is offline.\n
https://block.energized.pro/spark/formats/domains.txt is offline.\n
https://block.energized.pro/bluGo/formats/domains.txt is offline.\n
https://block.energized.pro/blu/formats/domains.txt is offline.\n
https://block.energized.pro/basic/formats/domains.txt is offline.\n
https://block.energized.pro/ultimate/formats/domains.txt is offline.\n
https://block.energized.pro/extensions/regional/formats/domains.txt is offline.\n
https://raw.githubusercontent.com/nextdns/metadata/master/privacy/native/alexa is offline.\n
https://raw.githubusercontent.com/nextdns/metadata/master/privacy/native/apple is offline.\n
https://raw.githubusercontent.com/nextdns/metadata/master/privacy/native/huawei is offline.\n
https://raw.githubusercontent.com/nextdns/metadata/master/privacy/native/roku is offline.\n
https://raw.githubusercontent.com/nextdns/metadata/master/privacy/native/samsung is offline.\n
https://raw.githubusercontent.com/nextdns/metadata/master/privacy/native/sonos is offline.\n
https://raw.githubusercontent.com/nextdns/metadata/master/privacy/native/windows is offline.\n
https://raw.githubusercontent.com/nextdns/metadata/master/privacy/native/xiaomi is offline.\n
https://dbl.oisd.nl/basic/ is offline.\n
https://dbl.oisd.nl/ is offline.\n
https://block.energized.pro/spark/formats/domains.txt is offline.\n
https://block.energized.pro/bluGo/formats/domains.txt is offline.\n
https://block.energized.pro/blu/formats/domains.txt is offline.\n
https://block.energized.pro/basic/formats/domains.txt is offline.\n
https://block.energized.pro/ultimate/formats/domains.txt is offline.\n
https://block.energized.pro/extensions/regional/formats/domains.txt is offline.\n
https://raw.githubusercontent.com/nextdns/metadata/master/privacy/native/alexa is offline.\n
https://raw.githubusercontent.com/nextdns/metadata/master/privacy/native/apple is offline.\n
https://raw.githubusercontent.com/nextdns/metadata/master/privacy/native/huawei is offline.\n
https://raw.githubusercontent.com/nextdns/metadata/master/privacy/native/roku is offline.\n
https://raw.githubusercontent.com/nextdns/metadata/master/privacy/native/samsung is offline.\n
https://raw.githubusercontent.com/nextdns/metadata/master/privacy/native/sonos is offline.\n
https://raw.githubusercontent.com/nextdns/metadata/master/privacy/native/windows is offline.\n
https://raw.githubusercontent.com/nextdns/metadata/master/privacy/native/xiaomi is offline.\n
https://dbl.oisd.nl/basic/ is offline.\n
https://dbl.oisd.nl/ is offline.\n
https://block.energized.pro/spark/formats/domains.txt is offline.\n
https://block.energized.pro/bluGo/formats/domains.txt is offline.\n
https://block.energized.pro/blu/formats/domains.txt is offline.\n
https://block.energized.pro/basic/formats/domains.txt is offline.\n
https://block.energized.pro/ultimate/formats/domains.txt is offline.\n
https://block.energized.pro/extensions/regional/formats/domains.txt is offline.\n
https://raw.githubusercontent.com/nextdns/metadata/master/privacy/native/alexa is offline.\n
https://raw.githubusercontent.com/nextdns/metadata/master/privacy/native/apple is offline.\n
https://raw.githubusercontent.com/nextdns/metadata/master/privacy/native/huawei is offline.\n
https://raw.githubusercontent.com/nextdns/metadata/master/privacy/native/roku is offline.\n
https://raw.githubusercontent.com/nextdns/metadata/master/privacy/native/samsung is offline.\n
https://raw.githubusercontent.com/nextdns/metadata/master/privacy/native/sonos is offline.\n
https://raw.githubusercontent.com/nextdns/metadata/master/privacy/native/windows is offline.\n
https://raw.githubusercontent.com/nextdns/metadata/master/privacy/native/xiaomi is offline.\n
https://dbl.oisd.nl/basic/ is offline.\n
https://dbl.oisd.nl/ is offline.\n
https://block.energized.pro/spark/formats/domains.txt is offline.\n
https://block.energized.pro/bluGo/formats/domains.txt is offline.\n
https://block.energized.pro/blu/formats/domains.txt is offline.\n
https://block.energized.pro/basic/formats/domains.txt is offline.\n
https://block.energized.pro/ultimate/formats/domains.txt is offline.\n
https://block.energized.pro/extensions/regional/formats/domains.txt is offline.\n
https://raw.githubusercontent.com/nextdns/metadata/master/privacy/native/alexa is offline.\n
https://raw.githubusercontent.com/nextdns/metadata/master/privacy/native/apple is offline.\n
https://raw.githubusercontent.com/nextdns/metadata/master/privacy/native/huawei is offline.\n
https://raw.githubusercontent.com/nextdns/metadata/master/privacy/native/roku is offline.\n
https://raw.githubusercontent.com/nextdns/metadata/master/privacy/native/samsung is offline.\n
https://raw.githubusercontent.com/nextdns/metadata/master/privacy/native/sonos is offline.\n
https://raw.githubusercontent.com/nextdns/metadata/master/privacy/native/windows is offline.\n
https://raw.githubusercontent.com/nextdns/metadata/master/privacy/native/xiaomi is offline.\n
https://dbl.oisd.nl/basic/ is offline.\n
https://dbl.oisd.nl/ is offline.\n
https://block.energized.pro/spark/formats/domains.txt is offline.\n
https://block.energized.pro/bluGo/formats/domains.txt is offline.\n
https://block.energized.pro/blu/formats/domains.txt is offline.\n
https://block.energized.pro/basic/formats/domains.txt is offline.\n
https://block.energized.pro/ultimate/formats/domains.txt is offline.\n
https://block.energized.pro/extensions/regional/formats/domains.txt is offline.\n
https://raw.githubusercontent.com/nextdns/metadata/master/privacy/native/alexa is offline.\n
https://raw.githubusercontent.com/nextdns/metadata/master/privacy/native/apple is offline.\n
https://raw.githubusercontent.com/nextdns/metadata/master/privacy/native/huawei is offline.\n
https://raw.githubusercontent.com/nextdns/metadata/master/privacy/native/roku is offline.\n
https://raw.githubusercontent.com/nextdns/metadata/master/privacy/native/samsung is offline.\n
https://raw.githubusercontent.com/nextdns/metadata/master/privacy/native/sonos is offline.\n
https://raw.githubusercontent.com/nextdns/metadata/master/privacy/native/windows is offline.\n
https://raw.githubusercontent.com/nextdns/metadata/master/privacy/native/xiaomi is offline.\n
https://dbl.oisd.nl/basic/ is offline.\n
https://dbl.oisd.nl/ is offline.\n
https://block.energized.pro/spark/formats/domains.txt is offline.\n
https://block.energized.pro/bluGo/formats/domains.txt is offline.\n
https://block.energized.pro/blu/formats/domains.txt is offline.\n
https://block.energized.pro/basic/formats/domains.txt is offline.\n
https://block.energized.pro/ultimate/formats/domains.txt is offline.\n
https://block.energized.pro/extensions/regional/formats/domains.txt is offline.\n
https://raw.githubusercontent.com/nextdns/metadata/master/privacy/native/alexa is offline.\n
https://raw.githubusercontent.com/nextdns/metadata/master/privacy/native/apple is offline.\n
https://raw.githubusercontent.com/nextdns/metadata/master/privacy/native/huawei is offline.\n
https://raw.githubusercontent.com/nextdns/metadata/master/privacy/native/roku is offline.\n
https://raw.githubusercontent.com/nextdns/metadata/master/privacy/native/samsung is offline.\n
https://raw.githubusercontent.com/nextdns/metadata/master/privacy/native/sonos is offline.\n
https://raw.githubusercontent.com/nextdns/metadata/master/privacy/native/windows is offline.\n
https://raw.githubusercontent.com/nextdns/metadata/master/privacy/native/xiaomi is offline.\n
https://dbl.oisd.nl/basic/ is offline.\n
https://dbl.oisd.nl/ is offline.\n
https://block.energized.pro/spark/formats/domains.txt is offline.\n
https://block.energized.pro/bluGo/formats/domains.txt is offline.\n
https://block.energized.pro/blu/formats/domains.txt is offline.\n
https://block.energized.pro/basic/formats/domains.txt is offline.\n
https://block.energized.pro/ultimate/formats/domains.txt is offline.\n
https://block.energized.pro/extensions/regional/formats/domains.txt is offline.\n
https://raw.githubusercontent.com/nextdns/metadata/master/privacy/native/alexa is offline.\n
https://raw.githubusercontent.com/nextdns/metadata/master/privacy/native/apple is offline.\n
https://raw.githubusercontent.com/nextdns/metadata/master/privacy/native/huawei is offline.\n
https://raw.githubusercontent.com/nextdns/metadata/master/privacy/native/roku is offline.\n
https://raw.githubusercontent.com/nextdns/metadata/master/privacy/native/samsung is offline.\n
https://raw.githubusercontent.com/nextdns/metadata/master/privacy/native/sonos is offline.\n
https://raw.githubusercontent.com/nextdns/metadata/master/privacy/native/windows is offline.\n
https://raw.githubusercontent.com/nextdns/metadata/master/privacy/native/xiaomi is offline.\n
https://dbl.oisd.nl/basic/ is offline.\n
https://dbl.oisd.nl/ is offline.\n
https://block.energized.pro/spark/formats/domains.txt is offline.\n
https://block.energized.pro/bluGo/formats/domains.txt is offline.\n
https://block.energized.pro/blu/formats/domains.txt is offline.\n
https://block.energized.pro/basic/formats/domains.txt is offline.\n
https://block.energized.pro/ultimate/formats/domains.txt is offline.\n
https://block.energized.pro/extensions/regional/formats/domains.txt is offline.\n
https://raw.githubusercontent.com/nextdns/metadata/master/privacy/native/alexa is offline.\n
https://raw.githubusercontent.com/nextdns/metadata/master/privacy/native/apple is offline.\n
https://raw.githubusercontent.com/nextdns/metadata/master/privacy/native/huawei is offline.\n
https://raw.githubusercontent.com/nextdns/metadata/master/privacy/native/roku is offline.\n
https://raw.githubusercontent.com/nextdns/metadata/master/privacy/native/samsung is offline.\n
https://raw.githubusercontent.com/nextdns/metadata/master/privacy/native/sonos is offline.\n
https://raw.githubusercontent.com/nextdns/metadata/master/privacy/native/windows is offline.\n
https://raw.githubusercontent.com/nextdns/metadata/master/privacy/native/xiaomi is offline.\n
https://dbl.oisd.nl/basic/ is offline.\n
https://dbl.oisd.nl/ is offline.\n
https://block.energized.pro/spark/formats/domains.txt is offline.\n
https://block.energized.pro/bluGo/formats/domains.txt is offline.\n
https://block.energized.pro/blu/formats/domains.txt is offline.\n
https://block.energized.pro/basic/formats/domains.txt is offline.\n
https://block.energized.pro/ultimate/formats/domains.txt is offline.\n
https://block.energized.pro/extensions/regional/formats/domains.txt is offline.\n
https://raw.githubusercontent.com/nextdns/metadata/master/privacy/native/alexa is offline.\n
https://raw.githubusercontent.com/nextdns/metadata/master/privacy/native/apple is offline.\n
https://raw.githubusercontent.com/nextdns/metadata/master/privacy/native/huawei is offline.\n
https://raw.githubusercontent.com/nextdns/metadata/master/privacy/native/roku is offline.\n
https://raw.githubusercontent.com/nextdns/metadata/master/privacy/native/samsung is offline.\n
https://raw.githubusercontent.com/nextdns/metadata/master/privacy/native/sonos is offline.\n
https://raw.githubusercontent.com/nextdns/metadata/master/privacy/native/windows is offline.\n
https://raw.githubusercontent.com/nextdns/metadata/master/privacy/native/xiaomi is offline.\n
https://dbl.oisd.nl/basic/ is offline.\n
https://dbl.oisd.nl/ is offline.\n
https://block.energized.pro/spark/formats/domains.txt is offline.\n
https://block.energized.pro/bluGo/formats/domains.txt is offline.\n
https://block.energized.pro/blu/formats/domains.txt is offline.\n
https://block.energized.pro/basic/formats/domains.txt is offline.\n
https://block.energized.pro/ultimate/formats/domains.txt is offline.\n
https://block.energized.pro/extensions/regional/formats/domains.txt is offline.\n
https://raw.githubusercontent.com/nextdns/metadata/master/privacy/native/alexa is offline.\n
https://raw.githubusercontent.com/nextdns/metadata/master/privacy/native/apple is offline.\n
https://raw.githubusercontent.com/nextdns/metadata/master/privacy/native/huawei is offline.\n
https://raw.githubusercontent.com/nextdns/metadata/master/privacy/native/roku is offline.\n
https://raw.githubusercontent.com/nextdns/metadata/master/privacy/native/samsung is offline.\n
https://raw.githubusercontent.com/nextdns/metadata/master/privacy/native/sonos is offline.\n
https://raw.githubusercontent.com/nextdns/metadata/master/privacy/native/windows is offline.\n
https://raw.githubusercontent.com/nextdns/metadata/master/privacy/native/xiaomi is offline.\n
https://dbl.oisd.nl/basic/ is offline.\n
https://dbl.oisd.nl/ is offline.\n
https://block.energized.pro/spark/formats/domains.txt is offline.\n
https://block.energized.pro/bluGo/formats/domains.txt is offline.\n
https://block.energized.pro/blu/formats/domains.txt is offline.\n
https://block.energized.pro/basic/formats/domains.txt is offline.\n
https://block.energized.pro/ultimate/formats/domains.txt is offline.\n
https://block.energized.pro/extensions/regional/formats/domains.txt is offline.\n
https://raw.githubusercontent.com/nextdns/metadata/master/privacy/native/alexa is offline.\n
https://raw.githubusercontent.com/nextdns/metadata/master/privacy/native/apple is offline.\n
https://raw.githubusercontent.com/nextdns/metadata/master/privacy/native/huawei is offline.\n
https://raw.githubusercontent.com/nextdns/metadata/master/privacy/native/roku is offline.\n
https://raw.githubusercontent.com/nextdns/metadata/master/privacy/native/samsung is offline.\n
https://raw.githubusercontent.com/nextdns/metadata/master/privacy/native/sonos is offline.\n
https://raw.githubusercontent.com/nextdns/metadata/master/privacy/native/windows is offline.\n
https://raw.githubusercontent.com/nextdns/metadata/master/privacy/native/xiaomi is offline.\n
https://dbl.oisd.nl/basic/ is offline.\n
https://dbl.oisd.nl/ is offline.\n
https://block.energized.pro/spark/formats/domains.txt is offline.\n
https://block.energized.pro/bluGo/formats/domains.txt is offline.\n
https://block.energized.pro/blu/formats/domains.txt is offline.\n
https://block.energized.pro/basic/formats/domains.txt is offline.\n
https://block.energized.pro/ultimate/formats/domains.txt is offline.\n
https://block.energized.pro/extensions/regional/formats/domains.txt is offline.\n
https://raw.githubusercontent.com/nextdns/metadata/master/privacy/native/alexa is offline.\n
https://raw.githubusercontent.com/nextdns/metadata/master/privacy/native/apple is offline.\n
https://raw.githubusercontent.com/nextdns/metadata/master/privacy/native/huawei is offline.\n
https://raw.githubusercontent.com/nextdns/metadata/master/privacy/native/roku is offline.\n
https://raw.githubusercontent.com/nextdns/metadata/master/privacy/native/samsung is offline.\n
https://raw.githubusercontent.com/nextdns/metadata/master/privacy/native/sonos is offline.\n
https://raw.githubusercontent.com/nextdns/metadata/master/privacy/native/windows is offline.\n
https://raw.githubusercontent.com/nextdns/metadata/master/privacy/native/xiaomi is offline.\n
https://dbl.oisd.nl/basic/ is offline.\n
https://dbl.oisd.nl/ is offline.\n
https://block.energized.pro/spark/formats/domains.txt is offline.\n
https://block.energized.pro/bluGo/formats/domains.txt is offline.\n
https://block.energized.pro/blu/formats/domains.txt is offline.\n
https://block.energized.pro/basic/formats/domains.txt is offline.\n
https://block.energized.pro/ultimate/formats/domains.txt is offline.\n
https://block.energized.pro/extensions/regional/formats/domains.txt is offline.\n
https://raw.githubusercontent.com/nextdns/metadata/master/privacy/native/alexa is offline.\n
https://raw.githubusercontent.com/nextdns/metadata/master/privacy/native/apple is offline.\n
https://raw.githubusercontent.com/nextdns/metadata/master/privacy/native/huawei is offline.\n
https://raw.githubusercontent.com/nextdns/metadata/master/privacy/native/roku is offline.\n
https://raw.githubusercontent.com/nextdns/metadata/master/privacy/native/samsung is offline.\n
https://raw.githubusercontent.com/nextdns/metadata/master/privacy/native/sonos is offline.\n
https://raw.githubusercontent.com/nextdns/metadata/master/privacy/native/windows is offline.\n
https://raw.githubusercontent.com/nextdns/metadata/master/privacy/native/xiaomi is offline.\n
https://dbl.oisd.nl/basic/ is offline.\n
https://dbl.oisd.nl/ is offline.\n
https://block.energized.pro/spark/formats/domains.txt is offline.\n
https://block.energized.pro/bluGo/formats/domains.txt is offline.\n
https://block.energized.pro/blu/formats/domains.txt is offline.\n
https://block.energized.pro/basic/formats/domains.txt is offline.\n
https://block.energized.pro/ultimate/formats/domains.txt is offline.\n
https://block.energized.pro/extensions/regional/formats/domains.txt is offline.\n
https://raw.githubusercontent.com/nextdns/metadata/master/privacy/native/alexa is offline.\n
https://raw.githubusercontent.com/nextdns/metadata/master/privacy/native/apple is offline.\n
https://raw.githubusercontent.com/nextdns/metadata/master/privacy/native/huawei is offline.\n
https://raw.githubusercontent.com/nextdns/metadata/master/privacy/native/roku is offline.\n
https://raw.githubusercontent.com/nextdns/metadata/master/privacy/native/samsung is offline.\n
https://raw.githubusercontent.com/nextdns/metadata/master/privacy/native/sonos is offline.\n
https://raw.githubusercontent.com/nextdns/metadata/master/privacy/native/windows is offline.\n
https://raw.githubusercontent.com/nextdns/metadata/master/privacy/native/xiaomi is offline.\n
https://dbl.oisd.nl/basic/ is offline.\n
https://dbl.oisd.nl/ is offline.\n
https://block.energized.pro/spark/formats/domains.txt is offline.\n
https://block.energized.pro/bluGo/formats/domains.txt is offline.\n
https://block.energized.pro/blu/formats/domains.txt is offline.\n
https://block.energized.pro/basic/formats/domains.txt is offline.\n
https://block.energized.pro/ultimate/formats/domains.txt is offline.\n
https://block.energized.pro/extensions/regional/formats/domains.txt is offline.\n
https://raw.githubusercontent.com/nextdns/metadata/master/privacy/native/alexa is offline.\n
https://raw.githubusercontent.com/nextdns/metadata/master/privacy/native/apple is offline.\n
https://raw.githubusercontent.com/nextdns/metadata/master/privacy/native/huawei is offline.\n
https://raw.githubusercontent.com/nextdns/metadata/master/privacy/native/roku is offline.\n
https://raw.githubusercontent.com/nextdns/metadata/master/privacy/native/samsung is offline.\n
https://raw.githubusercontent.com/nextdns/metadata/master/privacy/native/sonos is offline.\n
https://raw.githubusercontent.com/nextdns/metadata/master/privacy/native/windows is offline.\n
https://raw.githubusercontent.com/nextdns/metadata/master/privacy/native/xiaomi is offline.\n
https://dbl.oisd.nl/basic/ is offline.\n
https://dbl.oisd.nl/ is offline.\n
https://block.energized.pro/spark/formats/domains.txt is offline.\n
https://block.energized.pro/bluGo/formats/domains.txt is offline.\n
https://block.energized.pro/blu/formats/domains.txt is offline.\n
https://block.energized.pro/basic/formats/domains.txt is offline.\n
https://block.energized.pro/ultimate/formats/domains.txt is offline.\n
https://block.energized.pro/extensions/regional/formats/domains.txt is offline.\n
https://raw.githubusercontent.com/nextdns/metadata/master/privacy/native/alexa is offline.\n
https://raw.githubusercontent.com/nextdns/metadata/master/privacy/native/apple is offline.\n
https://raw.githubusercontent.com/nextdns/metadata/master/privacy/native/huawei is offline.\n
https://raw.githubusercontent.com/nextdns/metadata/master/privacy/native/roku is offline.\n
https://raw.githubusercontent.com/nextdns/metadata/master/privacy/native/samsung is offline.\n
https://raw.githubusercontent.com/nextdns/metadata/master/privacy/native/sonos is offline.\n
https://raw.githubusercontent.com/nextdns/metadata/master/privacy/native/windows is offline.\n
https://raw.githubusercontent.com/nextdns/metadata/master/privacy/native/xiaomi is offline.\n
https://dbl.oisd.nl/basic/ is offline.\n
https://dbl.oisd.nl/ is offline.\n
https://block.energized.pro/spark/formats/domains.txt is offline.\n
https://block.energized.pro/bluGo/formats/domains.txt is offline.\n
https://block.energized.pro/blu/formats/domains.txt is offline.\n
https://block.energized.pro/basic/formats/domains.txt is offline.\n
https://block.energized.pro/ultimate/formats/domains.txt is offline.\n
https://block.energized.pro/extensions/regional/formats/domains.txt is offline.\n
https://raw.githubusercontent.com/nextdns/metadata/master/privacy/native/alexa is offline.\n
https://raw.githubusercontent.com/nextdns/metadata/master/privacy/native/apple is offline.\n
https://raw.githubusercontent.com/nextdns/metadata/master/privacy/native/huawei is offline.\n
https://raw.githubusercontent.com/nextdns/metadata/master/privacy/native/roku is offline.\n
https://raw.githubusercontent.com/nextdns/metadata/master/privacy/native/samsung is offline.\n
https://raw.githubusercontent.com/nextdns/metadata/master/privacy/native/sonos is offline.\n
https://raw.githubusercontent.com/nextdns/metadata/master/privacy/native/windows is offline.\n
https://raw.githubusercontent.com/nextdns/metadata/master/privacy/native/xiaomi is offline.\n
https://dbl.oisd.nl/basic/ is offline.\n
https://dbl.oisd.nl/ is offline.\n
https://block.energized.pro/spark/formats/domains.txt is offline.\n
https://block.energized.pro/bluGo/formats/domains.txt is offline.\n
https://block.energized.pro/blu/formats/domains.txt is offline.\n
https://block.energized.pro/basic/formats/domains.txt is offline.\n
https://block.energized.pro/ultimate/formats/domains.txt is offline.\n
https://block.energized.pro/extensions/regional/formats/domains.txt is offline.\n
https://raw.githubusercontent.com/nextdns/metadata/master/privacy/native/alexa is offline.\n
https://raw.githubusercontent.com/nextdns/metadata/master/privacy/native/apple is offline.\n
https://raw.githubusercontent.com/nextdns/metadata/master/privacy/native/huawei is offline.\n
https://raw.githubusercontent.com/nextdns/metadata/master/privacy/native/roku is offline.\n
https://raw.githubusercontent.com/nextdns/metadata/master/privacy/native/samsung is offline.\n
https://raw.githubusercontent.com/nextdns/metadata/master/privacy/native/sonos is offline.\n
https://raw.githubusercontent.com/nextdns/metadata/master/privacy/native/windows is offline.\n
https://raw.githubusercontent.com/nextdns/metadata/master/privacy/native/xiaomi is offline.\n
https://dbl.oisd.nl/basic/ is offline.\n
https://dbl.oisd.nl/ is offline.\n
https://block.energized.pro/spark/formats/domains.txt is offline.\n
https://block.energized.pro/bluGo/formats/domains.txt is offline.\n
https://block.energized.pro/blu/formats/domains.txt is offline.\n
https://block.energized.pro/basic/formats/domains.txt is offline.\n
https://block.energized.pro/ultimate/formats/domains.txt is offline.\n
https://block.energized.pro/extensions/regional/formats/domains.txt is offline.\n
https://raw.githubusercontent.com/nextdns/metadata/master/privacy/native/alexa is offline.\n
https://raw.githubusercontent.com/nextdns/metadata/master/privacy/native/apple is offline.\n
https://raw.githubusercontent.com/nextdns/metadata/master/privacy/native/huawei is offline.\n
https://raw.githubusercontent.com/nextdns/metadata/master/privacy/native/roku is offline.\n
https://raw.githubusercontent.com/nextdns/metadata/master/privacy/native/samsung is offline.\n
https://raw.githubusercontent.com/nextdns/metadata/master/privacy/native/sonos is offline.\n
https://raw.githubusercontent.com/nextdns/metadata/master/privacy/native/windows is offline.\n
https://raw.githubusercontent.com/nextdns/metadata/master/privacy/native/xiaomi is offline.\n
https://dbl.oisd.nl/basic/ is offline.\n
https://dbl.oisd.nl/ is offline.\n
https://block.energized.pro/spark/formats/domains.txt is offline.\n
https://block.energized.pro/bluGo/formats/domains.txt is offline.\n
https://block.energized.pro/blu/formats/domains.txt is offline.\n
https://block.energized.pro/basic/formats/domains.txt is offline.\n
https://block.energized.pro/ultimate/formats/domains.txt is offline.\n
https://block.energized.pro/extensions/regional/formats/domains.txt is offline.\n
https://raw.githubusercontent.com/nextdns/metadata/master/privacy/native/alexa is offline.\n
https://raw.githubusercontent.com/nextdns/metadata/master/privacy/native/apple is offline.\n
https://raw.githubusercontent.com/nextdns/metadata/master/privacy/native/huawei is offline.\n
https://raw.githubusercontent.com/nextdns/metadata/master/privacy/native/roku is offline.\n
https://raw.githubusercontent.com/nextdns/metadata/master/privacy/native/samsung is offline.\n
https://raw.githubusercontent.com/nextdns/metadata/master/privacy/native/sonos is offline.\n
https://raw.githubusercontent.com/nextdns/metadata/master/privacy/native/windows is offline.\n
https://raw.githubusercontent.com/nextdns/metadata/master/privacy/native/xiaomi is offline.\n
https://dbl.oisd.nl/basic/ is offline.\n
https://dbl.oisd.nl/ is offline.\n
https://block.energized.pro/spark/formats/domains.txt is offline.\n
https://block.energized.pro/bluGo/formats/domains.txt is offline.\n
https://block.energized.pro/blu/formats/domains.txt is offline.\n
https://block.energized.pro/basic/formats/domains.txt is offline.\n
https://block.energized.pro/ultimate/formats/domains.txt is offline.\n
https://block.energized.pro/extensions/regional/formats/domains.txt is offline.\n
https://raw.githubusercontent.com/nextdns/metadata/master/privacy/native/alexa is offline.\n
https://raw.githubusercontent.com/nextdns/metadata/master/privacy/native/apple is offline.\n
https://raw.githubusercontent.com/nextdns/metadata/master/privacy/native/huawei is offline.\n
https://raw.githubusercontent.com/nextdns/metadata/master/privacy/native/roku is offline.\n
https://raw.githubusercontent.com/nextdns/metadata/master/privacy/native/samsung is offline.\n
https://raw.githubusercontent.com/nextdns/metadata/master/privacy/native/sonos is offline.\n
https://raw.githubusercontent.com/nextdns/metadata/master/privacy/native/windows is offline.\n
https://raw.githubusercontent.com/nextdns/metadata/master/privacy/native/xiaomi is offline.\n
https://dbl.oisd.nl/basic/ is offline.\n
https://dbl.oisd.nl/ is offline.\n
https://block.energized.pro/spark/formats/domains.txt is offline.\n
https://block.energized.pro/bluGo/formats/domains.txt is offline.\n
https://block.energized.pro/blu/formats/domains.txt is offline.\n
https://block.energized.pro/basic/formats/domains.txt is offline.\n
https://block.energized.pro/ultimate/formats/domains.txt is offline.\n
https://block.energized.pro/extensions/regional/formats/domains.txt is offline.\n
https://raw.githubusercontent.com/nextdns/metadata/master/privacy/native/alexa is offline.\n
https://raw.githubusercontent.com/nextdns/metadata/master/privacy/native/apple is offline.\n
https://raw.githubusercontent.com/nextdns/metadata/master/privacy/native/huawei is offline.\n
https://raw.githubusercontent.com/nextdns/metadata/master/privacy/native/roku is offline.\n
https://raw.githubusercontent.com/nextdns/metadata/master/privacy/native/samsung is offline.\n
https://raw.githubusercontent.com/nextdns/metadata/master/privacy/native/sonos is offline.\n
https://raw.githubusercontent.com/nextdns/metadata/master/privacy/native/windows is offline.\n
https://raw.githubusercontent.com/nextdns/metadata/master/privacy/native/xiaomi is offline.\n
https://dbl.oisd.nl/basic/ is offline.\n
https://dbl.oisd.nl/ is offline.\n
https://block.energized.pro/spark/formats/domains.txt is offline.\n
https://block.energized.pro/bluGo/formats/domains.txt is offline.\n
https://block.energized.pro/blu/formats/domains.txt is offline.\n
https://block.energized.pro/basic/formats/domains.txt is offline.\n
https://block.energized.pro/ultimate/formats/domains.txt is offline.\n
https://block.energized.pro/extensions/regional/formats/domains.txt is offline.\n
https://raw.githubusercontent.com/nextdns/metadata/master/privacy/native/alexa is offline.\n
https://raw.githubusercontent.com/nextdns/metadata/master/privacy/native/apple is offline.\n
https://raw.githubusercontent.com/nextdns/metadata/master/privacy/native/huawei is offline.\n
https://raw.githubusercontent.com/nextdns/metadata/master/privacy/native/roku is offline.\n
https://raw.githubusercontent.com/nextdns/metadata/master/privacy/native/samsung is offline.\n
https://raw.githubusercontent.com/nextdns/metadata/master/privacy/native/sonos is offline.\n
https://raw.githubusercontent.com/nextdns/metadata/master/privacy/native/windows is offline.\n
https://raw.githubusercontent.com/nextdns/metadata/master/privacy/native/xiaomi is offline.\n
https://dbl.oisd.nl/ is offline.\n
